{
  "version": "1.5.0",
  "plugins_used": [
    {
      "name": "ArtifactoryDetector"
    },
    {
      "name": "AWSKeyDetector"
    },
    {
      "name": "AzureStorageKeyDetector"
    },
    {
      "name": "Base64HighEntropyString",
      "limit": 4.5
    },
    {
      "name": "BasicAuthDetector"
    },
    {
      "name": "CloudantDetector"
    },
    {
      "name": "DiscordBotTokenDetector"
    },
    {
      "name": "GitHubTokenDetector"
    },
    {
      "name": "GitLabTokenDetector"
    },
    {
      "name": "HexHighEntropyString",
      "limit": 3.0
    },
    {
      "name": "IbmCloudIamDetector"
    },
    {
      "name": "IbmCosHmacDetector"
    },
    {
      "name": "IPPublicDetector"
    },
    {
      "name": "JwtTokenDetector"
    },
    {
      "name": "KeywordDetector",
      "keyword_exclude": ""
    },
    {
      "name": "MailchimpDetector"
    },
    {
      "name": "NpmDetector"
    },
    {
      "name": "OpenAIDetector"
    },
    {
      "name": "PrivateKeyDetector"
    },
    {
      "name": "PypiTokenDetector"
    },
    {
      "name": "SendGridDetector"
    },
    {
      "name": "SlackDetector"
    },
    {
      "name": "SoftlayerDetector"
    },
    {
      "name": "SquareOAuthDetector"
    },
    {
      "name": "StripeDetector"
    },
    {
      "name": "TelegramBotTokenDetector"
    },
    {
      "name": "TwilioKeyDetector"
    }
  ],
  "filters_used": [
    {
      "path": "detect_secrets.filters.allowlist.is_line_allowlisted"
    },
    {
      "path": "detect_secrets.filters.common.is_ignored_due_to_verification_policies",
      "min_level": 2
    },
    {
      "path": "detect_secrets.filters.heuristic.is_indirect_reference"
    },
    {
      "path": "detect_secrets.filters.heuristic.is_likely_id_string"
    },
    {
      "path": "detect_secrets.filters.heuristic.is_lock_file"
    },
    {
      "path": "detect_secrets.filters.heuristic.is_not_alphanumeric_string"
    },
    {
      "path": "detect_secrets.filters.heuristic.is_potential_uuid"
    },
    {
      "path": "detect_secrets.filters.heuristic.is_prefixed_with_dollar_sign"
    },
    {
      "path": "detect_secrets.filters.heuristic.is_sequential_string"
    },
    {
      "path": "detect_secrets.filters.heuristic.is_swagger_file"
    },
    {
      "path": "detect_secrets.filters.heuristic.is_templated_secret"
    },
    {
      "path": "detect_secrets.filters.regex.should_exclude_file",
      "pattern": [
        "(.*\\.ipynb|.*\\.baseline)$"
      ]
    }
  ],
  "results": {
    "bionemo/data/preprocess/dna/preprocess.py": [
      {
        "type": "Hex High Entropy String",
        "filename": "bionemo/data/preprocess/dna/preprocess.py",
        "hashed_secret": "e56f928dbe92699f0fef39543719d07e694d3dc3",
        "is_verified": false,
        "line_number": 58
      },
      {
        "type": "Hex High Entropy String",
        "filename": "bionemo/data/preprocess/dna/preprocess.py",
        "hashed_secret": "0591f6242300ef956b140be86ec147106f641913",
        "is_verified": false,
        "line_number": 59
      },
      {
        "type": "Hex High Entropy String",
        "filename": "bionemo/data/preprocess/dna/preprocess.py",
        "hashed_secret": "4d96199f815eed2c51a30ecfdc11be789dd0193e",
        "is_verified": false,
        "line_number": 60
      },
      {
        "type": "Hex High Entropy String",
        "filename": "bionemo/data/preprocess/dna/preprocess.py",
        "hashed_secret": "29a40231fd8c40da62d0a208feb2cb3c46c0bde4",
        "is_verified": false,
        "line_number": 61
      },
      {
        "type": "Hex High Entropy String",
        "filename": "bionemo/data/preprocess/dna/preprocess.py",
        "hashed_secret": "43fbb1c2696930acb710e6bef04edaa2f9999e1d",
        "is_verified": false,
        "line_number": 62
      },
      {
        "type": "Hex High Entropy String",
        "filename": "bionemo/data/preprocess/dna/preprocess.py",
        "hashed_secret": "5c3b51dde7268f51a52f083e59b09f0edbf8a615",
        "is_verified": false,
        "line_number": 63
      },
      {
        "type": "Hex High Entropy String",
        "filename": "bionemo/data/preprocess/dna/preprocess.py",
        "hashed_secret": "f9a69ebdf803534b6bb8f500b28992a27262db20",
        "is_verified": false,
        "line_number": 64
      },
      {
        "type": "Hex High Entropy String",
        "filename": "bionemo/data/preprocess/dna/preprocess.py",
        "hashed_secret": "20650ff99a7e65486a2bec7af78d238ffc63b8bb",
        "is_verified": false,
        "line_number": 65
      },
      {
        "type": "Hex High Entropy String",
        "filename": "bionemo/data/preprocess/dna/preprocess.py",
        "hashed_secret": "7a727ca94c7ccebf0bb5cff73abe5c52f4742b32",
        "is_verified": false,
        "line_number": 66
      },
      {
        "type": "Hex High Entropy String",
        "filename": "bionemo/data/preprocess/dna/preprocess.py",
        "hashed_secret": "a730da955059633b1a06457d3c36399d0bed7f37",
        "is_verified": false,
        "line_number": 67
      },
      {
        "type": "Hex High Entropy String",
        "filename": "bionemo/data/preprocess/dna/preprocess.py",
        "hashed_secret": "b38b18df95587f639c3fb27d6ca078cbd063ed3b",
        "is_verified": false,
        "line_number": 68
      },
      {
        "type": "Hex High Entropy String",
        "filename": "bionemo/data/preprocess/dna/preprocess.py",
        "hashed_secret": "dd92b880d82fecadc83169bf41b994104e90d4d7",
        "is_verified": false,
        "line_number": 69
      },
      {
        "type": "Hex High Entropy String",
        "filename": "bionemo/data/preprocess/dna/preprocess.py",
        "hashed_secret": "d8ac75a403a43b979825c9f7d2b02652fa387e31",
        "is_verified": false,
        "line_number": 70
      },
      {
        "type": "Hex High Entropy String",
        "filename": "bionemo/data/preprocess/dna/preprocess.py",
        "hashed_secret": "c6e9e730eefd029d4aae0ec09fce18a47230d1ce",
        "is_verified": false,
        "line_number": 71
      },
      {
        "type": "Hex High Entropy String",
        "filename": "bionemo/data/preprocess/dna/preprocess.py",
        "hashed_secret": "d3ff289bd9a367295c7e1c2f057d2c6d339815f5",
        "is_verified": false,
        "line_number": 72
      },
      {
        "type": "Hex High Entropy String",
        "filename": "bionemo/data/preprocess/dna/preprocess.py",
        "hashed_secret": "d1bb631c44fd3705caf1af6f6193207dd118ca5d",
        "is_verified": false,
        "line_number": 73
      },
      {
        "type": "Hex High Entropy String",
        "filename": "bionemo/data/preprocess/dna/preprocess.py",
        "hashed_secret": "05a215ec72300dad93b165c46812afac994fd729",
        "is_verified": false,
        "line_number": 74
      },
      {
        "type": "Hex High Entropy String",
        "filename": "bionemo/data/preprocess/dna/preprocess.py",
        "hashed_secret": "078743ac2b2006b9bbc4f3397e53b5ec8e6fae55",
        "is_verified": false,
        "line_number": 75
      },
      {
        "type": "Hex High Entropy String",
        "filename": "bionemo/data/preprocess/dna/preprocess.py",
        "hashed_secret": "35b0b7679288795af9e9627cf7b6dc4526cf910c",
        "is_verified": false,
        "line_number": 76
      },
      {
        "type": "Hex High Entropy String",
        "filename": "bionemo/data/preprocess/dna/preprocess.py",
        "hashed_secret": "b09fb8cba309d56bde71323c3687dd6d3f11c533",
        "is_verified": false,
        "line_number": 77
      },
      {
        "type": "Hex High Entropy String",
        "filename": "bionemo/data/preprocess/dna/preprocess.py",
        "hashed_secret": "539a82bafb2ce814fb18fb58ba41a7bbea8fb93c",
        "is_verified": false,
        "line_number": 78
      },
      {
        "type": "Hex High Entropy String",
        "filename": "bionemo/data/preprocess/dna/preprocess.py",
        "hashed_secret": "05bc8437153e6c1ae8807430cdd27f5bdaae78bf",
        "is_verified": false,
        "line_number": 79
      },
      {
        "type": "Hex High Entropy String",
        "filename": "bionemo/data/preprocess/dna/preprocess.py",
        "hashed_secret": "bfed95cb5ee0ddef9dfa9f6b3e9270f02b7d6290",
        "is_verified": false,
        "line_number": 80
      },
      {
        "type": "Hex High Entropy String",
        "filename": "bionemo/data/preprocess/dna/preprocess.py",
        "hashed_secret": "6248a96b86f18581053ca16f544ff7947f7b4fde",
        "is_verified": false,
        "line_number": 81
      },
      {
        "type": "Hex High Entropy String",
        "filename": "bionemo/data/preprocess/dna/preprocess.py",
        "hashed_secret": "6cd75eec98cc4d574ff87b51b6d47db3fd75a494",
        "is_verified": false,
        "line_number": 124
      },
      {
        "type": "Hex High Entropy String",
        "filename": "bionemo/data/preprocess/dna/preprocess.py",
        "hashed_secret": "c16d838717c95f1cf1272fdcacd5516997dae4ba",
        "is_verified": false,
        "line_number": 163
      },
      {
        "type": "Hex High Entropy String",
        "filename": "bionemo/data/preprocess/dna/preprocess.py",
        "hashed_secret": "ad94e805df061b1f5314b0be8528234950674a07",
        "is_verified": false,
        "line_number": 164
      },
      {
        "type": "Hex High Entropy String",
        "filename": "bionemo/data/preprocess/dna/preprocess.py",
        "hashed_secret": "0632d0b6678e30c60dc22efe678345aaef44e1eb",
        "is_verified": false,
        "line_number": 165
      },
      {
        "type": "Hex High Entropy String",
        "filename": "bionemo/data/preprocess/dna/preprocess.py",
        "hashed_secret": "a27b3639bbdc5a48a88b50ce1b1bfc8d24a43e23",
        "is_verified": false,
        "line_number": 166
      },
      {
        "type": "Hex High Entropy String",
        "filename": "bionemo/data/preprocess/dna/preprocess.py",
        "hashed_secret": "ddeae4c030bf66c776d8914296efd3e018c6853b",
        "is_verified": false,
        "line_number": 167
      },
      {
        "type": "Hex High Entropy String",
        "filename": "bionemo/data/preprocess/dna/preprocess.py",
        "hashed_secret": "3796a1d5d03ec692fcba70277ddfdc57afa91999",
        "is_verified": false,
        "line_number": 168
      },
      {
        "type": "Hex High Entropy String",
        "filename": "bionemo/data/preprocess/dna/preprocess.py",
        "hashed_secret": "85e3447b92e278831fd36adc1a613fe6a5dfcfa6",
        "is_verified": false,
        "line_number": 169
      },
      {
        "type": "Hex High Entropy String",
        "filename": "bionemo/data/preprocess/dna/preprocess.py",
        "hashed_secret": "1ee11e44d45cf977a59b20d96ebf872929248905",
        "is_verified": false,
        "line_number": 170
      },
      {
        "type": "Hex High Entropy String",
        "filename": "bionemo/data/preprocess/dna/preprocess.py",
        "hashed_secret": "84ed5f2f5d80cc78f90a79ef8ec6b9e85393a89a",
        "is_verified": false,
        "line_number": 171
      },
      {
        "type": "Hex High Entropy String",
        "filename": "bionemo/data/preprocess/dna/preprocess.py",
        "hashed_secret": "161723f87cebdbee11f77a96fc20ae69c498baea",
        "is_verified": false,
        "line_number": 172
      },
      {
        "type": "Hex High Entropy String",
        "filename": "bionemo/data/preprocess/dna/preprocess.py",
        "hashed_secret": "bf181a13a2d01d19cbc6259a3a1075b8afb14a70",
        "is_verified": false,
        "line_number": 173
      },
      {
        "type": "Hex High Entropy String",
        "filename": "bionemo/data/preprocess/dna/preprocess.py",
        "hashed_secret": "8ab9ec36a037d0638f5406d27c35be67fc54d799",
        "is_verified": false,
        "line_number": 174
      },
      {
        "type": "Hex High Entropy String",
        "filename": "bionemo/data/preprocess/dna/preprocess.py",
        "hashed_secret": "9c22224c948455462714ea4dbe1f6a4ca6bfbfb4",
        "is_verified": false,
        "line_number": 175
      },
      {
        "type": "Hex High Entropy String",
        "filename": "bionemo/data/preprocess/dna/preprocess.py",
        "hashed_secret": "8b1c0d016ecc54ecbc428b1f53006c0403482dc8",
        "is_verified": false,
        "line_number": 176
      },
      {
        "type": "Hex High Entropy String",
        "filename": "bionemo/data/preprocess/dna/preprocess.py",
        "hashed_secret": "1029fc6257e361ba43a3d6cc49b181e0807be1d8",
        "is_verified": false,
        "line_number": 177
      },
      {
        "type": "Hex High Entropy String",
        "filename": "bionemo/data/preprocess/dna/preprocess.py",
        "hashed_secret": "b22533ce4dd54ccd6577d1d1580a095b7aaa41ae",
        "is_verified": false,
        "line_number": 178
      },
      {
        "type": "Hex High Entropy String",
        "filename": "bionemo/data/preprocess/dna/preprocess.py",
        "hashed_secret": "7546d3ba6252f6a6bdadd1bfe34bda739dc849a7",
        "is_verified": false,
        "line_number": 179
      },
      {
        "type": "Hex High Entropy String",
        "filename": "bionemo/data/preprocess/dna/preprocess.py",
        "hashed_secret": "68dc04ec8c306479d7f3b63758223f15cafe1d43",
        "is_verified": false,
        "line_number": 180
      },
      {
        "type": "Hex High Entropy String",
        "filename": "bionemo/data/preprocess/dna/preprocess.py",
        "hashed_secret": "a9a8d44b54b735020d2c6226fec62625cb1a662e",
        "is_verified": false,
        "line_number": 181
      },
      {
        "type": "Hex High Entropy String",
        "filename": "bionemo/data/preprocess/dna/preprocess.py",
        "hashed_secret": "4ccc57b4c4d57c400dfbec949c2a2e41e7557767",
        "is_verified": false,
        "line_number": 182
      },
      {
        "type": "Hex High Entropy String",
        "filename": "bionemo/data/preprocess/dna/preprocess.py",
        "hashed_secret": "c710f51d8570eaae86b62d1baa5d26e3af27ff51",
        "is_verified": false,
        "line_number": 183
      },
      {
        "type": "Hex High Entropy String",
        "filename": "bionemo/data/preprocess/dna/preprocess.py",
        "hashed_secret": "6c0906c8de49a7a725f3bede933e5d346f2ce89d",
        "is_verified": false,
        "line_number": 184
      },
      {
        "type": "Hex High Entropy String",
        "filename": "bionemo/data/preprocess/dna/preprocess.py",
        "hashed_secret": "a427b6aee323df2c3bd1bd283b46c08b6da501db",
        "is_verified": false,
        "line_number": 185
      },
      {
        "type": "Hex High Entropy String",
        "filename": "bionemo/data/preprocess/dna/preprocess.py",
        "hashed_secret": "ebf41a92c259c22be23ec5ca02c5163de4fea989",
        "is_verified": false,
        "line_number": 186
      },
      {
        "type": "Hex High Entropy String",
        "filename": "bionemo/data/preprocess/dna/preprocess.py",
        "hashed_secret": "e36f990d69abd8c8802fce36d83198dc8b7ddd78",
        "is_verified": false,
        "line_number": 229
      },
      {
        "type": "Hex High Entropy String",
        "filename": "bionemo/data/preprocess/dna/preprocess.py",
        "hashed_secret": "0a756898d356ba420beeb6c8ae3d02d82b1cf6f0",
        "is_verified": false,
        "line_number": 230
      },
      {
        "type": "Hex High Entropy String",
        "filename": "bionemo/data/preprocess/dna/preprocess.py",
        "hashed_secret": "cb26f431d62e27a480ddb9b06919c9362b526a58",
        "is_verified": false,
        "line_number": 231
      },
      {
        "type": "Hex High Entropy String",
        "filename": "bionemo/data/preprocess/dna/preprocess.py",
        "hashed_secret": "31ed22c1cf1694e0205ffb8fa7a1e205e59a5b38",
        "is_verified": false,
        "line_number": 232
      },
      {
        "type": "Hex High Entropy String",
        "filename": "bionemo/data/preprocess/dna/preprocess.py",
        "hashed_secret": "13e662b87335f37fa53a748b1da7e6871deff220",
        "is_verified": false,
        "line_number": 233
      },
      {
        "type": "Hex High Entropy String",
        "filename": "bionemo/data/preprocess/dna/preprocess.py",
        "hashed_secret": "0b240d2de3b7efb1e83f5a68cbb645ad62e809b1",
        "is_verified": false,
        "line_number": 234
      },
      {
        "type": "Hex High Entropy String",
        "filename": "bionemo/data/preprocess/dna/preprocess.py",
        "hashed_secret": "aaa5efce6f37554c23cc77a693d152c648bf255f",
        "is_verified": false,
        "line_number": 235
      },
      {
        "type": "Hex High Entropy String",
        "filename": "bionemo/data/preprocess/dna/preprocess.py",
        "hashed_secret": "e3c01c058e3b012e15bc3163817ae3f8bfbd0a38",
        "is_verified": false,
        "line_number": 236
      },
      {
        "type": "Hex High Entropy String",
        "filename": "bionemo/data/preprocess/dna/preprocess.py",
        "hashed_secret": "9e83e7e21242074465d1ac9944e19a4e766698fb",
        "is_verified": false,
        "line_number": 237
      },
      {
        "type": "Hex High Entropy String",
        "filename": "bionemo/data/preprocess/dna/preprocess.py",
        "hashed_secret": "5efc1d9eb9cb7372394bba59ac0418201a128fd8",
        "is_verified": false,
        "line_number": 238
      },
      {
        "type": "Hex High Entropy String",
        "filename": "bionemo/data/preprocess/dna/preprocess.py",
        "hashed_secret": "45415db5116038708d824d4556311a56b3110ae4",
        "is_verified": false,
        "line_number": 239
      },
      {
        "type": "Hex High Entropy String",
        "filename": "bionemo/data/preprocess/dna/preprocess.py",
        "hashed_secret": "5b5eef68b13a5f43dd387a0db5b4d68ac40136e3",
        "is_verified": false,
        "line_number": 240
      },
      {
        "type": "Hex High Entropy String",
        "filename": "bionemo/data/preprocess/dna/preprocess.py",
        "hashed_secret": "d72f384d80f560eef64b47d3d7c4350e3ab6c4d8",
        "is_verified": false,
        "line_number": 241
      },
      {
        "type": "Hex High Entropy String",
        "filename": "bionemo/data/preprocess/dna/preprocess.py",
        "hashed_secret": "c640c764414bdf24c63201d352b9ffe34c9c20e8",
        "is_verified": false,
        "line_number": 242
      },
      {
        "type": "Hex High Entropy String",
        "filename": "bionemo/data/preprocess/dna/preprocess.py",
        "hashed_secret": "fde61eac0807c242e74069709f0274822e382cb5",
        "is_verified": false,
        "line_number": 243
      },
      {
        "type": "Hex High Entropy String",
        "filename": "bionemo/data/preprocess/dna/preprocess.py",
        "hashed_secret": "58a6da2869def58c73f9f2c2a9b2e242ff3da75a",
        "is_verified": false,
        "line_number": 244
      },
      {
        "type": "Hex High Entropy String",
        "filename": "bionemo/data/preprocess/dna/preprocess.py",
        "hashed_secret": "199dc3e76ec77fe703ab51660f6515c498461af9",
        "is_verified": false,
        "line_number": 245
      },
      {
        "type": "Hex High Entropy String",
        "filename": "bionemo/data/preprocess/dna/preprocess.py",
        "hashed_secret": "693ea5e6ac4af0c604e90ea11a4d061b064732e9",
        "is_verified": false,
        "line_number": 246
      },
      {
        "type": "Hex High Entropy String",
        "filename": "bionemo/data/preprocess/dna/preprocess.py",
        "hashed_secret": "c3f72df131df663e23295dbc226229439bf22196",
        "is_verified": false,
        "line_number": 247
      },
      {
        "type": "Hex High Entropy String",
        "filename": "bionemo/data/preprocess/dna/preprocess.py",
        "hashed_secret": "7f61fa946354ec767e520e5f4bc9ade23cf9a8ee",
        "is_verified": false,
        "line_number": 248
      },
      {
        "type": "Hex High Entropy String",
        "filename": "bionemo/data/preprocess/dna/preprocess.py",
        "hashed_secret": "d793ab41968e2a09be1bc064bb50c6b32dc9c37e",
        "is_verified": false,
        "line_number": 249
      },
      {
        "type": "Hex High Entropy String",
        "filename": "bionemo/data/preprocess/dna/preprocess.py",
        "hashed_secret": "c09f26bac9d4852bcb9282469d24970e4641e90a",
        "is_verified": false,
        "line_number": 250
      },
      {
        "type": "Hex High Entropy String",
        "filename": "bionemo/data/preprocess/dna/preprocess.py",
        "hashed_secret": "281a2c8a4c8c1e1e26ae80d8c4fcf3019bba309d",
        "is_verified": false,
        "line_number": 251
      },
      {
        "type": "Hex High Entropy String",
        "filename": "bionemo/data/preprocess/dna/preprocess.py",
        "hashed_secret": "a97e53c55310e611a73e514affe3a6055f4b0ca1",
        "is_verified": false,
        "line_number": 252
      },
      {
        "type": "Hex High Entropy String",
        "filename": "bionemo/data/preprocess/dna/preprocess.py",
        "hashed_secret": "6a80ad72586fcd28ade7aa167c4e87fc605c8b2d",
        "is_verified": false,
        "line_number": 521
      },
      {
        "type": "Hex High Entropy String",
        "filename": "bionemo/data/preprocess/dna/preprocess.py",
        "hashed_secret": "319d06ba5650a9221a0200b4936a593d72f877ce",
        "is_verified": false,
        "line_number": 522
      }
    ],
    "bionemo/data/preprocess/molecule/uspto50k_preprocess.py": [
      {
        "type": "Hex High Entropy String",
        "filename": "bionemo/data/preprocess/molecule/uspto50k_preprocess.py",
        "hashed_secret": "bbbbf54e40842b9ead1afaa2c7f2cb0a0716cc02",
        "is_verified": false,
        "line_number": 29
      }
    ],
    "bionemo/data/preprocess/protein/preprocess.py": [
      {
        "type": "Hex High Entropy String",
        "filename": "bionemo/data/preprocess/protein/preprocess.py",
        "hashed_secret": "5e517badc1ffc6ddc00a99b0428db194ec4f82f6",
        "is_verified": false,
        "line_number": 37
      }
    ],
    "bionemo/data/preprocess/singlecell/preprocess.py": [
      {
        "type": "Hex High Entropy String",
        "filename": "bionemo/data/preprocess/singlecell/preprocess.py",
        "hashed_secret": "7aa749cc01f69c12efcbb5034af89b5dd7e531cc",
        "is_verified": false,
        "line_number": 160
      },
      {
        "type": "Hex High Entropy String",
        "filename": "bionemo/data/preprocess/singlecell/preprocess.py",
        "hashed_secret": "6a50a38837ed5d4207b376543846882c43df301b",
        "is_verified": false,
        "line_number": 167
      }
    ],
    "docs/service-files/working-with-the-api.md": [
      {
        "type": "Secret Keyword",
        "filename": "docs/service-files/working-with-the-api.md",
        "hashed_secret": "a14e09dd70134e478c9d3c8897f926679b567815",
        "is_verified": false,
        "line_number": 179
      }
    ],
    "examples/tests/conf/diffdock_score_preprocessing_test.yaml": [
      {
        "type": "Base64 High Entropy String",
        "filename": "examples/tests/conf/diffdock_score_preprocessing_test.yaml",
        "hashed_secret": "15aebf83fd9562183ebe6014f7e29b0edbf0670b",
        "is_verified": false,
        "line_number": 24
      }
    ],
    "examples/tests/test_flip_preprocessing.py": [
      {
        "type": "Hex High Entropy String",
        "filename": "examples/tests/test_flip_preprocessing.py",
        "hashed_secret": "c01ced209901119af6848f761c78f4be424fff52",
        "is_verified": false,
        "line_number": 33
      },
      {
        "type": "Hex High Entropy String",
        "filename": "examples/tests/test_flip_preprocessing.py",
        "hashed_secret": "3c7fe22e15ea4df896a4b5170435c7a740a5b572",
        "is_verified": false,
        "line_number": 34
      },
      {
        "type": "Hex High Entropy String",
        "filename": "examples/tests/test_flip_preprocessing.py",
        "hashed_secret": "5cd1d3b42d04f1095af475d2c501951d2c15513a",
        "is_verified": false,
        "line_number": 35
      }
    ],
    "examples/tests/test_physchem_preprocessing.py": [
      {
        "type": "Hex High Entropy String",
        "filename": "examples/tests/test_physchem_preprocessing.py",
        "hashed_secret": "4ef72e8aa133a18e68aff9e0d2ebf2766cacd910",
        "is_verified": false,
        "line_number": 42
      },
      {
        "type": "Hex High Entropy String",
        "filename": "examples/tests/test_physchem_preprocessing.py",
        "hashed_secret": "67a74306b06d0c01624fe0d0249a570f4d093747",
        "is_verified": false,
        "line_number": 43
      }
    ],
    "examples/tests/test_uniref_preprocessing.py": [
      {
        "type": "Hex High Entropy String",
        "filename": "examples/tests/test_uniref_preprocessing.py",
        "hashed_secret": "bbbcac81d9110f7fbc7e6d3754d1fe398aa98ea0",
        "is_verified": false,
        "line_number": 32
      },
      {
        "type": "Hex High Entropy String",
        "filename": "examples/tests/test_uniref_preprocessing.py",
        "hashed_secret": "c09e645ecb760d0883883b4b02696ca1fb881020",
        "is_verified": false,
        "line_number": 37
      },
      {
        "type": "Hex High Entropy String",
        "filename": "examples/tests/test_uniref_preprocessing.py",
        "hashed_secret": "0183a79dd3508f971a56436164d0584ad1152276",
        "is_verified": false,
        "line_number": 38
      },
      {
        "type": "Hex High Entropy String",
        "filename": "examples/tests/test_uniref_preprocessing.py",
        "hashed_secret": "c2bd5bdc1b784dd48baca1477ccea80cbaa6cb6d",
        "is_verified": false,
        "line_number": 39
      }
    ],
    "examples/tests/test_zinc_preprocessing.py": [
      {
        "type": "Hex High Entropy String",
        "filename": "examples/tests/test_zinc_preprocessing.py",
        "hashed_secret": "b3ab5d69d8e51e5002272b313595485719ec8ce8",
        "is_verified": false,
        "line_number": 43
      },
      {
        "type": "Hex High Entropy String",
        "filename": "examples/tests/test_zinc_preprocessing.py",
        "hashed_secret": "644b81dd968ec6618787d622d3189ce2dee14af4",
        "is_verified": false,
        "line_number": 44
      },
      {
        "type": "Hex High Entropy String",
        "filename": "examples/tests/test_zinc_preprocessing.py",
        "hashed_secret": "735cc03cb79af56a9fd46e82600adce2a007fc96",
        "is_verified": false,
        "line_number": 45
      }
    ],
    "setup/aws-config-swiftstack": [
      {
        "type": "Secret Keyword",
        "filename": "setup/aws-config-swiftstack",
        "hashed_secret": "b02dff0ec9d24823e77c27c281a852247896b86d",
        "is_verified": false,
        "line_number": 3
      }
    ],
    "tests/test_pickles_to_wds_tars.py": [
      {
        "type": "Base64 High Entropy String",
        "filename": "tests/test_pickles_to_wds_tars.py",
        "hashed_secret": "5953c6d00d85bd157609d73ca26e3f841bcca4a0",
        "is_verified": false,
        "line_number": 29
      }
    ],
    "tests/utils/test_remote.py": [
      {
        "type": "Hex High Entropy String",
        "filename": "tests/utils/test_remote.py",
        "hashed_secret": "52a5d92ef5c11c818108aa796fcb3040d39cdce7",
        "is_verified": false,
        "line_number": 46
      },
      {
        "type": "Hex High Entropy String",
        "filename": "tests/utils/test_remote.py",
        "hashed_secret": "98499bf71283c0c3cb34bea1e23c8a5683a7c18d",
        "is_verified": false,
        "line_number": 66
      }
    ]
  },
  "generated_at": "2024-10-09T14:12:40Z"
}
