{
  "version": "1.5.0",
  "plugins_used": [
    {
      "name": "ArtifactoryDetector"
    },
    {
      "name": "AWSKeyDetector"
    },
    {
      "name": "AzureStorageKeyDetector"
    },
    {
      "name": "Base64HighEntropyString",
      "limit": 4.5
    },
    {
      "name": "BasicAuthDetector"
    },
    {
      "name": "CloudantDetector"
    },
    {
      "name": "DiscordBotTokenDetector"
    },
    {
      "name": "GitHubTokenDetector"
    },
    {
      "name": "GitLabTokenDetector"
    },
    {
      "name": "HexHighEntropyString",
      "limit": 3.0
    },
    {
      "name": "IbmCloudIamDetector"
    },
    {
      "name": "IbmCosHmacDetector"
    },
    {
      "name": "IPPublicDetector"
    },
    {
      "name": "JwtTokenDetector"
    },
    {
      "name": "KeywordDetector",
      "keyword_exclude": ""
    },
    {
      "name": "MailchimpDetector"
    },
    {
      "name": "NpmDetector"
    },
    {
      "name": "OpenAIDetector"
    },
    {
      "name": "PrivateKeyDetector"
    },
    {
      "name": "PypiTokenDetector"
    },
    {
      "name": "SendGridDetector"
    },
    {
      "name": "SlackDetector"
    },
    {
      "name": "SoftlayerDetector"
    },
    {
      "name": "SquareOAuthDetector"
    },
    {
      "name": "StripeDetector"
    },
    {
      "name": "TelegramBotTokenDetector"
    },
    {
      "name": "TwilioKeyDetector"
    }
  ],
  "filters_used": [
    {
      "path": "detect_secrets.filters.allowlist.is_line_allowlisted"
    },
    {
      "path": "detect_secrets.filters.common.is_baseline_file",
      "filename": ".secrets.baseline"
    },
    {
      "path": "detect_secrets.filters.common.is_ignored_due_to_verification_policies",
      "min_level": 2
    },
    {
      "path": "detect_secrets.filters.heuristic.is_indirect_reference"
    },
    {
      "path": "detect_secrets.filters.heuristic.is_likely_id_string"
    },
    {
      "path": "detect_secrets.filters.heuristic.is_lock_file"
    },
    {
      "path": "detect_secrets.filters.heuristic.is_not_alphanumeric_string"
    },
    {
      "path": "detect_secrets.filters.heuristic.is_potential_uuid"
    },
    {
      "path": "detect_secrets.filters.heuristic.is_prefixed_with_dollar_sign"
    },
    {
      "path": "detect_secrets.filters.heuristic.is_sequential_string"
    },
    {
      "path": "detect_secrets.filters.heuristic.is_swagger_file"
    },
    {
      "path": "detect_secrets.filters.heuristic.is_templated_secret"
    },
    {
      "path": "detect_secrets.filters.regex.should_exclude_file",
      "pattern": [
        "(.*\\.ipynb|.*\\.baseline)$"
      ]
    }
  ],
  "results": {
    "pyproject.toml": [
      {
        "type": "Hex High Entropy String",
        "filename": "pyproject.toml",
        "hashed_secret": "79670e9c9d1c7ea5b81a96a2053d81437712c78e",
        "is_verified": false,
        "line_number": 47
      }
    ],
    "sub-packages/bionemo-evo2/tests/bionemo/evo2/data/test_datasets/mmseqs_results_rep_seq_distinct_sample_sequences.fasta": [
      {
        "type": "AWS Access Key",
        "filename": "sub-packages/bionemo-evo2/tests/bionemo/evo2/data/test_datasets/mmseqs_results_rep_seq_distinct_sample_sequences.fasta",
        "hashed_secret": "d0ec96cd08e29b76cea5f00b2c18ba35cbbe815a",
        "is_verified": false,
        "line_number": 2
      },
      {
        "type": "AWS Access Key",
        "filename": "sub-packages/bionemo-evo2/tests/bionemo/evo2/data/test_datasets/mmseqs_results_rep_seq_distinct_sample_sequences.fasta",
        "hashed_secret": "06b2204c68a9a0e464ceb2062ba73e4fa85fa460",
        "is_verified": false,
        "line_number": 4
      },
      {
        "type": "AWS Access Key",
        "filename": "sub-packages/bionemo-evo2/tests/bionemo/evo2/data/test_datasets/mmseqs_results_rep_seq_distinct_sample_sequences.fasta",
        "hashed_secret": "db62d3a64fd526a5ac69cbd17f243f7ab2f5330e",
        "is_verified": false,
        "line_number": 4
      },
      {
        "type": "AWS Access Key",
        "filename": "sub-packages/bionemo-evo2/tests/bionemo/evo2/data/test_datasets/mmseqs_results_rep_seq_distinct_sample_sequences.fasta",
        "hashed_secret": "620d1584dcd0e9c89dbe870aa640dc531a749f4f",
        "is_verified": false,
        "line_number": 10
      },
      {
        "type": "AWS Access Key",
        "filename": "sub-packages/bionemo-evo2/tests/bionemo/evo2/data/test_datasets/mmseqs_results_rep_seq_distinct_sample_sequences.fasta",
        "hashed_secret": "d2b58bf55cb4d2ef65f77dfbadd75e41eacd7293",
        "is_verified": false,
        "line_number": 10
      },
      {
        "type": "AWS Access Key",
        "filename": "sub-packages/bionemo-evo2/tests/bionemo/evo2/data/test_datasets/mmseqs_results_rep_seq_distinct_sample_sequences.fasta",
        "hashed_secret": "ef32012bcc3136110a0ee29b7938588811aec63b",
        "is_verified": false,
        "line_number": 10
      },
      {
        "type": "AWS Access Key",
        "filename": "sub-packages/bionemo-evo2/tests/bionemo/evo2/data/test_datasets/mmseqs_results_rep_seq_distinct_sample_sequences.fasta",
        "hashed_secret": "31849d2e825e5eaba354d3af405f97a3388a8fe2",
        "is_verified": false,
        "line_number": 12
      },
      {
        "type": "AWS Access Key",
        "filename": "sub-packages/bionemo-evo2/tests/bionemo/evo2/data/test_datasets/mmseqs_results_rep_seq_distinct_sample_sequences.fasta",
        "hashed_secret": "71480ee432162113f6f45717a94845673240064f",
        "is_verified": false,
        "line_number": 14
      },
      {
        "type": "AWS Access Key",
        "filename": "sub-packages/bionemo-evo2/tests/bionemo/evo2/data/test_datasets/mmseqs_results_rep_seq_distinct_sample_sequences.fasta",
        "hashed_secret": "a4f917b3de625d782d94cce85cfd8b901ec11a10",
        "is_verified": false,
        "line_number": 14
      },
      {
        "type": "AWS Access Key",
        "filename": "sub-packages/bionemo-evo2/tests/bionemo/evo2/data/test_datasets/mmseqs_results_rep_seq_distinct_sample_sequences.fasta",
        "hashed_secret": "d195edefe192e7259b221c6a117876fbc122e74f",
        "is_verified": false,
        "line_number": 14
      },
      {
        "type": "AWS Access Key",
        "filename": "sub-packages/bionemo-evo2/tests/bionemo/evo2/data/test_datasets/mmseqs_results_rep_seq_distinct_sample_sequences.fasta",
        "hashed_secret": "eb337e0858eda021d74d1ef12c59c671a0246503",
        "is_verified": false,
        "line_number": 14
      },
      {
        "type": "AWS Access Key",
        "filename": "sub-packages/bionemo-evo2/tests/bionemo/evo2/data/test_datasets/mmseqs_results_rep_seq_distinct_sample_sequences.fasta",
        "hashed_secret": "533f3422b5da47eae9be37c28d0be7ee46f68bfd",
        "is_verified": false,
        "line_number": 16
      },
      {
        "type": "AWS Access Key",
        "filename": "sub-packages/bionemo-evo2/tests/bionemo/evo2/data/test_datasets/mmseqs_results_rep_seq_distinct_sample_sequences.fasta",
        "hashed_secret": "d7fa10a32c3a012feb0915a11cc55ff07f1b1aa1",
        "is_verified": false,
        "line_number": 16
      }
    ]
  },
  "generated_at": "2025-01-24T16:11:46Z"
}
